  Fischless.WindowsInput -> E:\games\better-genshin-impact\Fischless.WindowsInput\bin\x64\Debug\netstandard2.0\Fischless.WindowsInput.dll
  Fischless.HotkeyCapture -> E:\games\better-genshin-impact\Fischless.HotkeyCapture\bin\x64\Debug\net8.0-windows10.0.22621.0\Fischless.HotkeyCapture.dll
  BetterGenshinImpact.I18nSync -> E:\games\better-genshin-impact\Build\BetterGenshinImpact.I18nSync\bin\Debug\net8.0\BetterGenshinImpact.I18nSync.dll
  Fischless.GameCapture -> E:\games\better-genshin-impact\Fischless.GameCapture\bin\x64\Debug\net8.0-windows10.0.22621.0\Fischless.GameCapture.dll
  BetterGenshinImpact -> E:\games\better-genshin-impact\BetterGenshinImpact\bin\x64\Debug\net8.0-windows10.0.22621.0\BetterGI.dll
CSC : warning CS9057: 分析器程序集“C:\Users\godsh\.nuget\packages\wpf-ui.violeta\4.3.0.3\analyzers\dotnet\cs\Wpf.Ui.DependencyPropertyGenerator.dll”引用了编译器的版本“4.14.0.0”，该版本高于当前正在运行的版本“4.13.0.0”。 [E:\games\better-genshin-impact\Test\BetterGenshinImpact.Test\BetterGenshinImpact.Test_3zeivuvq_wpftmp.csproj]
E:\games\better-genshin-impact\Test\BetterGenshinImpact.Test\Simple\AllMap\FeatureTransfer.cs(47,27): warning CS8604: “void FeatureTransfer.SaveKeyPointArray(KeyPoint[] kpArray)”中的形参“kpArray”可能传入 null 引用实参。 [E:\games\better-genshin-impact\Test\BetterGenshinImpact.Test\BetterGenshinImpact.Test_3zeivuvq_wpftmp.csproj]
E:\games\better-genshin-impact\Test\BetterGenshinImpact.Test\Simple\AllMap\FeatureTransfer.cs(49,21): warning CS8604: “void FeatureTransfer.SaveDescMat(Mat descMat)”中的形参“descMat”可能传入 null 引用实参。 [E:\games\better-genshin-impact\Test\BetterGenshinImpact.Test\BetterGenshinImpact.Test_3zeivuvq_wpftmp.csproj]
E:\games\better-genshin-impact\Test\BetterGenshinImpact.Test\Simple\AllMap\MatchTemplateTest.cs(112,26): warning CS0168: 声明了变量“ex”，但从未使用过 [E:\games\better-genshin-impact\Test\BetterGenshinImpact.Test\BetterGenshinImpact.Test_3zeivuvq_wpftmp.csproj]
E:\games\better-genshin-impact\Test\BetterGenshinImpact.Test\Simple\AllMap\MapTeleportPointDraw.cs(28,21): warning CS0612: “TeyvatMapCoordinate”已过时 [E:\games\better-genshin-impact\Test\BetterGenshinImpact.Test\BetterGenshinImpact.Test_3zeivuvq_wpftmp.csproj]
E:\games\better-genshin-impact\Test\BetterGenshinImpact.Test\Simple\AllMap\LargeSIFTExtractor.cs(58,9): warning CS0612: “FeatureMatcher”已过时 [E:\games\better-genshin-impact\Test\BetterGenshinImpact.Test\BetterGenshinImpact.Test_3zeivuvq_wpftmp.csproj]
E:\games\better-genshin-impact\Test\BetterGenshinImpact.Test\Simple\AllMap\KeyPointMatchTest.cs(269,22): warning CS8600: 将 null 文本或可能的 null 值转换为不可为 null 类型。 [E:\games\better-genshin-impact\Test\BetterGenshinImpact.Test\BetterGenshinImpact.Test_3zeivuvq_wpftmp.csproj]
E:\games\better-genshin-impact\Test\BetterGenshinImpact.Test\Simple\AllMap\KeyPointMatchTest.cs(270,16): warning CS8603: 可能返回 null 引用。 [E:\games\better-genshin-impact\Test\BetterGenshinImpact.Test\BetterGenshinImpact.Test_3zeivuvq_wpftmp.csproj]
E:\games\better-genshin-impact\Test\BetterGenshinImpact.Test\Simple\AllMap\BigMapMatchTest.cs(24,31): warning CS0612: “FeatureMatcher”已过时 [E:\games\better-genshin-impact\Test\BetterGenshinImpact.Test\BetterGenshinImpact.Test_3zeivuvq_wpftmp.csproj]
E:\games\better-genshin-impact\Test\BetterGenshinImpact.Test\Simple\AllMap\EntireMapTest.cs(20,31): warning CS0612: “FeatureMatcher”已过时 [E:\games\better-genshin-impact\Test\BetterGenshinImpact.Test\BetterGenshinImpact.Test_3zeivuvq_wpftmp.csproj]
E:\games\better-genshin-impact\Test\BetterGenshinImpact.Test\Simple\AllMap\EntireMapTest.cs(56,34): warning CS0612: “FeatureMatcher”已过时 [E:\games\better-genshin-impact\Test\BetterGenshinImpact.Test\BetterGenshinImpact.Test_3zeivuvq_wpftmp.csproj]
E:\games\better-genshin-impact\Test\BetterGenshinImpact.Test\Simple\AllMap\EntireMapTest.cs(62,9): warning CS0612: “FeatureMatcher”已过时 [E:\games\better-genshin-impact\Test\BetterGenshinImpact.Test\BetterGenshinImpact.Test_3zeivuvq_wpftmp.csproj]
E:\games\better-genshin-impact\Test\BetterGenshinImpact.Test\Simple\AllMap\KeyPointMatchTest.cs(301,17): warning CS8625: 无法将 null 字面量转换为非 null 的引用类型。 [E:\games\better-genshin-impact\Test\BetterGenshinImpact.Test\BetterGenshinImpact.Test_3zeivuvq_wpftmp.csproj]
CSC : warning CS9057: 分析器程序集“C:\Users\godsh\.nuget\packages\wpf-ui.violeta\4.3.0.3\analyzers\dotnet\cs\Wpf.Ui.DependencyPropertyGenerator.dll”引用了编译器的版本“4.14.0.0”，该版本高于当前正在运行的版本“4.13.0.0”。 [E:\games\better-genshin-impact\Test\BetterGenshinImpact.UnitTest\BetterGenshinImpact.UnitTest.csproj]
E:\games\better-genshin-impact\Test\BetterGenshinImpact.UnitTest\GameTaskTests\AutoFightTests\CombatScriptParserTests.cs(18,25): warning CS8602: 解引用可能出现空引用。 [E:\games\better-genshin-impact\Test\BetterGenshinImpact.UnitTest\BetterGenshinImpact.UnitTest.csproj]
E:\games\better-genshin-impact\Test\BetterGenshinImpact.UnitTest\GameTaskTests\AutoFightTests\CombatScriptParserTests.cs(19,27): warning CS8602: 解引用可能出现空引用。 [E:\games\better-genshin-impact\Test\BetterGenshinImpact.UnitTest\BetterGenshinImpact.UnitTest.csproj]
E:\games\better-genshin-impact\Test\BetterGenshinImpact.UnitTest\GameTaskTests\AutoFightTests\CombatScriptParserTests.cs(20,29): warning CS8602: 解引用可能出现空引用。 [E:\games\better-genshin-impact\Test\BetterGenshinImpact.UnitTest\BetterGenshinImpact.UnitTest.csproj]
E:\games\better-genshin-impact\Test\BetterGenshinImpact.UnitTest\GameTaskTests\AutoFishingTests\RodNetTests.Training.cs(223,16): warning CS8618: 在退出构造函数时，不可为 null 的 字段 "_data" 必须包含非 null 值。请考虑添加 "required" 修饰符或将该 字段 声明为可为 null。 [E:\games\better-genshin-impact\Test\BetterGenshinImpact.UnitTest\BetterGenshinImpact.UnitTest.csproj]
E:\games\better-genshin-impact\Test\BetterGenshinImpact.UnitTest\GameTaskTests\AutoFightTests\CombatScriptParserTests.cs(44,25): warning CS8602: 解引用可能出现空引用。 [E:\games\better-genshin-impact\Test\BetterGenshinImpact.UnitTest\BetterGenshinImpact.UnitTest.csproj]
E:\games\better-genshin-impact\Test\BetterGenshinImpact.UnitTest\GameTaskTests\AutoFightTests\CombatScriptParserTests.cs(45,27): warning CS8602: 解引用可能出现空引用。 [E:\games\better-genshin-impact\Test\BetterGenshinImpact.UnitTest\BetterGenshinImpact.UnitTest.csproj]
E:\games\better-genshin-impact\Test\BetterGenshinImpact.UnitTest\GameTaskTests\AutoFightTests\CombatScriptParserTests.cs(46,29): warning CS8602: 解引用可能出现空引用。 [E:\games\better-genshin-impact\Test\BetterGenshinImpact.UnitTest\BetterGenshinImpact.UnitTest.csproj]
E:\games\better-genshin-impact\Test\BetterGenshinImpact.UnitTest\GameTaskTests\AutoFightTests\CombatScriptParserTests.cs(60,25): warning CS8602: 解引用可能出现空引用。 [E:\games\better-genshin-impact\Test\BetterGenshinImpact.UnitTest\BetterGenshinImpact.UnitTest.csproj]
E:\games\better-genshin-impact\Test\BetterGenshinImpact.UnitTest\GameTaskTests\AutoFightTests\CombatScriptParserTests.cs(61,27): warning CS8602: 解引用可能出现空引用。 [E:\games\better-genshin-impact\Test\BetterGenshinImpact.UnitTest\BetterGenshinImpact.UnitTest.csproj]
E:\games\better-genshin-impact\Test\BetterGenshinImpact.UnitTest\GameTaskTests\AutoFightTests\CombatScriptParserTests.cs(62,29): warning CS8602: 解引用可能出现空引用。 [E:\games\better-genshin-impact\Test\BetterGenshinImpact.UnitTest\BetterGenshinImpact.UnitTest.csproj]
E:\games\better-genshin-impact\Test\BetterGenshinImpact.UnitTest\GameTaskTests\AutoDomainTests\ResinStatusTests.cs(32,118): warning xUnit1026: Theory method 'RecogniseFromRegion_ResinStatusShouldBeRight' on test class 'ResinStatusTests' does not use parameter 'fragileResinCount'. Use the parameter, or remove the parameter and associated data. (https://xunit.net/xunit.analyzers/rules/xUnit1026) [E:\games\better-genshin-impact\Test\BetterGenshinImpact.UnitTest\BetterGenshinImpact.UnitTest.csproj]
E:\games\better-genshin-impact\Test\BetterGenshinImpact.UnitTest\GameTaskTests\AutoDomainTests\ResinStatusTests.cs(32,166): warning xUnit1026: Theory method 'RecogniseFromRegion_ResinStatusShouldBeRight' on test class 'ResinStatusTests' does not use parameter 'transientResinCount'. Use the parameter, or remove the parameter and associated data. (https://xunit.net/xunit.analyzers/rules/xUnit1026) [E:\games\better-genshin-impact\Test\BetterGenshinImpact.UnitTest\BetterGenshinImpact.UnitTest.csproj]
CSC : warning CS9057: 分析器程序集“C:\Users\godsh\.nuget\packages\wpf-ui.violeta\4.3.0.3\analyzers\dotnet\cs\Wpf.Ui.DependencyPropertyGenerator.dll”引用了编译器的版本“4.14.0.0”，该版本高于当前正在运行的版本“4.13.0.0”。 [E:\games\better-genshin-impact\Test\BetterGenshinImpact.Test\BetterGenshinImpact.Test.csproj]
E:\games\better-genshin-impact\Test\BetterGenshinImpact.Test\Simple\AllMap\BigMapMatchTest.cs(24,31): warning CS0612: “FeatureMatcher”已过时 [E:\games\better-genshin-impact\Test\BetterGenshinImpact.Test\BetterGenshinImpact.Test.csproj]
E:\games\better-genshin-impact\Test\BetterGenshinImpact.Test\Simple\AllMap\LargeSIFTExtractor.cs(58,9): warning CS0612: “FeatureMatcher”已过时 [E:\games\better-genshin-impact\Test\BetterGenshinImpact.Test\BetterGenshinImpact.Test.csproj]
E:\games\better-genshin-impact\Test\BetterGenshinImpact.Test\Simple\AllMap\EntireMapTest.cs(20,31): warning CS0612: “FeatureMatcher”已过时 [E:\games\better-genshin-impact\Test\BetterGenshinImpact.Test\BetterGenshinImpact.Test.csproj]
E:\games\better-genshin-impact\Test\BetterGenshinImpact.Test\Simple\AllMap\EntireMapTest.cs(56,34): warning CS0612: “FeatureMatcher”已过时 [E:\games\better-genshin-impact\Test\BetterGenshinImpact.Test\BetterGenshinImpact.Test.csproj]
E:\games\better-genshin-impact\Test\BetterGenshinImpact.Test\Simple\AllMap\EntireMapTest.cs(62,9): warning CS0612: “FeatureMatcher”已过时 [E:\games\better-genshin-impact\Test\BetterGenshinImpact.Test\BetterGenshinImpact.Test.csproj]
E:\games\better-genshin-impact\Test\BetterGenshinImpact.Test\Simple\AllMap\MapTeleportPointDraw.cs(28,21): warning CS0612: “TeyvatMapCoordinate”已过时 [E:\games\better-genshin-impact\Test\BetterGenshinImpact.Test\BetterGenshinImpact.Test.csproj]
E:\games\better-genshin-impact\Test\BetterGenshinImpact.Test\Simple\AllMap\FeatureTransfer.cs(47,27): warning CS8604: “void FeatureTransfer.SaveKeyPointArray(KeyPoint[] kpArray)”中的形参“kpArray”可能传入 null 引用实参。 [E:\games\better-genshin-impact\Test\BetterGenshinImpact.Test\BetterGenshinImpact.Test.csproj]
E:\games\better-genshin-impact\Test\BetterGenshinImpact.Test\Simple\AllMap\FeatureTransfer.cs(49,21): warning CS8604: “void FeatureTransfer.SaveDescMat(Mat descMat)”中的形参“descMat”可能传入 null 引用实参。 [E:\games\better-genshin-impact\Test\BetterGenshinImpact.Test\BetterGenshinImpact.Test.csproj]
E:\games\better-genshin-impact\Test\BetterGenshinImpact.Test\Simple\AllMap\MatchTemplateTest.cs(112,26): warning CS0168: 声明了变量“ex”，但从未使用过 [E:\games\better-genshin-impact\Test\BetterGenshinImpact.Test\BetterGenshinImpact.Test.csproj]
E:\games\better-genshin-impact\Test\BetterGenshinImpact.Test\Simple\AllMap\KeyPointMatchTest.cs(269,22): warning CS8600: 将 null 文本或可能的 null 值转换为不可为 null 类型。 [E:\games\better-genshin-impact\Test\BetterGenshinImpact.Test\BetterGenshinImpact.Test.csproj]
E:\games\better-genshin-impact\Test\BetterGenshinImpact.Test\Simple\AllMap\KeyPointMatchTest.cs(270,16): warning CS8603: 可能返回 null 引用。 [E:\games\better-genshin-impact\Test\BetterGenshinImpact.Test\BetterGenshinImpact.Test.csproj]
E:\games\better-genshin-impact\Test\BetterGenshinImpact.Test\Simple\AllMap\KeyPointMatchTest.cs(301,17): warning CS8625: 无法将 null 字面量转换为非 null 的引用类型。 [E:\games\better-genshin-impact\Test\BetterGenshinImpact.Test\BetterGenshinImpact.Test.csproj]
  BetterGenshinImpact.UnitTest -> E:\games\better-genshin-impact\Test\BetterGenshinImpact.UnitTest\bin\Debug\net8.0-windows10.0.22621.0\BetterGenshinImpact.UnitTest.dll
  BetterGenshinImpact.Test -> E:\games\better-genshin-impact\Test\BetterGenshinImpact.Test\bin\Debug\net8.0-windows10.0.22621.0\BetterGenshinImpact.Test.dll

已成功生成。

CSC : warning CS9057: 分析器程序集“C:\Users\godsh\.nuget\packages\wpf-ui.violeta\4.3.0.3\analyzers\dotnet\cs\Wpf.Ui.DependencyPropertyGenerator.dll”引用了编译器的版本“4.14.0.0”，该版本高于当前正在运行的版本“4.13.0.0”。 [E:\games\better-genshin-impact\Test\BetterGenshinImpact.Test\BetterGenshinImpact.Test_3zeivuvq_wpftmp.csproj]
E:\games\better-genshin-impact\Test\BetterGenshinImpact.Test\Simple\AllMap\FeatureTransfer.cs(47,27): warning CS8604: “void FeatureTransfer.SaveKeyPointArray(KeyPoint[] kpArray)”中的形参“kpArray”可能传入 null 引用实参。 [E:\games\better-genshin-impact\Test\BetterGenshinImpact.Test\BetterGenshinImpact.Test_3zeivuvq_wpftmp.csproj]
E:\games\better-genshin-impact\Test\BetterGenshinImpact.Test\Simple\AllMap\FeatureTransfer.cs(49,21): warning CS8604: “void FeatureTransfer.SaveDescMat(Mat descMat)”中的形参“descMat”可能传入 null 引用实参。 [E:\games\better-genshin-impact\Test\BetterGenshinImpact.Test\BetterGenshinImpact.Test_3zeivuvq_wpftmp.csproj]
E:\games\better-genshin-impact\Test\BetterGenshinImpact.Test\Simple\AllMap\MatchTemplateTest.cs(112,26): warning CS0168: 声明了变量“ex”，但从未使用过 [E:\games\better-genshin-impact\Test\BetterGenshinImpact.Test\BetterGenshinImpact.Test_3zeivuvq_wpftmp.csproj]
E:\games\better-genshin-impact\Test\BetterGenshinImpact.Test\Simple\AllMap\MapTeleportPointDraw.cs(28,21): warning CS0612: “TeyvatMapCoordinate”已过时 [E:\games\better-genshin-impact\Test\BetterGenshinImpact.Test\BetterGenshinImpact.Test_3zeivuvq_wpftmp.csproj]
E:\games\better-genshin-impact\Test\BetterGenshinImpact.Test\Simple\AllMap\LargeSIFTExtractor.cs(58,9): warning CS0612: “FeatureMatcher”已过时 [E:\games\better-genshin-impact\Test\BetterGenshinImpact.Test\BetterGenshinImpact.Test_3zeivuvq_wpftmp.csproj]
E:\games\better-genshin-impact\Test\BetterGenshinImpact.Test\Simple\AllMap\KeyPointMatchTest.cs(269,22): warning CS8600: 将 null 文本或可能的 null 值转换为不可为 null 类型。 [E:\games\better-genshin-impact\Test\BetterGenshinImpact.Test\BetterGenshinImpact.Test_3zeivuvq_wpftmp.csproj]
E:\games\better-genshin-impact\Test\BetterGenshinImpact.Test\Simple\AllMap\KeyPointMatchTest.cs(270,16): warning CS8603: 可能返回 null 引用。 [E:\games\better-genshin-impact\Test\BetterGenshinImpact.Test\BetterGenshinImpact.Test_3zeivuvq_wpftmp.csproj]
E:\games\better-genshin-impact\Test\BetterGenshinImpact.Test\Simple\AllMap\BigMapMatchTest.cs(24,31): warning CS0612: “FeatureMatcher”已过时 [E:\games\better-genshin-impact\Test\BetterGenshinImpact.Test\BetterGenshinImpact.Test_3zeivuvq_wpftmp.csproj]
E:\games\better-genshin-impact\Test\BetterGenshinImpact.Test\Simple\AllMap\EntireMapTest.cs(20,31): warning CS0612: “FeatureMatcher”已过时 [E:\games\better-genshin-impact\Test\BetterGenshinImpact.Test\BetterGenshinImpact.Test_3zeivuvq_wpftmp.csproj]
E:\games\better-genshin-impact\Test\BetterGenshinImpact.Test\Simple\AllMap\EntireMapTest.cs(56,34): warning CS0612: “FeatureMatcher”已过时 [E:\games\better-genshin-impact\Test\BetterGenshinImpact.Test\BetterGenshinImpact.Test_3zeivuvq_wpftmp.csproj]
E:\games\better-genshin-impact\Test\BetterGenshinImpact.Test\Simple\AllMap\EntireMapTest.cs(62,9): warning CS0612: “FeatureMatcher”已过时 [E:\games\better-genshin-impact\Test\BetterGenshinImpact.Test\BetterGenshinImpact.Test_3zeivuvq_wpftmp.csproj]
E:\games\better-genshin-impact\Test\BetterGenshinImpact.Test\Simple\AllMap\KeyPointMatchTest.cs(301,17): warning CS8625: 无法将 null 字面量转换为非 null 的引用类型。 [E:\games\better-genshin-impact\Test\BetterGenshinImpact.Test\BetterGenshinImpact.Test_3zeivuvq_wpftmp.csproj]
CSC : warning CS9057: 分析器程序集“C:\Users\godsh\.nuget\packages\wpf-ui.violeta\4.3.0.3\analyzers\dotnet\cs\Wpf.Ui.DependencyPropertyGenerator.dll”引用了编译器的版本“4.14.0.0”，该版本高于当前正在运行的版本“4.13.0.0”。 [E:\games\better-genshin-impact\Test\BetterGenshinImpact.UnitTest\BetterGenshinImpact.UnitTest.csproj]
E:\games\better-genshin-impact\Test\BetterGenshinImpact.UnitTest\GameTaskTests\AutoFightTests\CombatScriptParserTests.cs(18,25): warning CS8602: 解引用可能出现空引用。 [E:\games\better-genshin-impact\Test\BetterGenshinImpact.UnitTest\BetterGenshinImpact.UnitTest.csproj]
E:\games\better-genshin-impact\Test\BetterGenshinImpact.UnitTest\GameTaskTests\AutoFightTests\CombatScriptParserTests.cs(19,27): warning CS8602: 解引用可能出现空引用。 [E:\games\better-genshin-impact\Test\BetterGenshinImpact.UnitTest\BetterGenshinImpact.UnitTest.csproj]
E:\games\better-genshin-impact\Test\BetterGenshinImpact.UnitTest\GameTaskTests\AutoFightTests\CombatScriptParserTests.cs(20,29): warning CS8602: 解引用可能出现空引用。 [E:\games\better-genshin-impact\Test\BetterGenshinImpact.UnitTest\BetterGenshinImpact.UnitTest.csproj]
E:\games\better-genshin-impact\Test\BetterGenshinImpact.UnitTest\GameTaskTests\AutoFishingTests\RodNetTests.Training.cs(223,16): warning CS8618: 在退出构造函数时，不可为 null 的 字段 "_data" 必须包含非 null 值。请考虑添加 "required" 修饰符或将该 字段 声明为可为 null。 [E:\games\better-genshin-impact\Test\BetterGenshinImpact.UnitTest\BetterGenshinImpact.UnitTest.csproj]
E:\games\better-genshin-impact\Test\BetterGenshinImpact.UnitTest\GameTaskTests\AutoFightTests\CombatScriptParserTests.cs(44,25): warning CS8602: 解引用可能出现空引用。 [E:\games\better-genshin-impact\Test\BetterGenshinImpact.UnitTest\BetterGenshinImpact.UnitTest.csproj]
E:\games\better-genshin-impact\Test\BetterGenshinImpact.UnitTest\GameTaskTests\AutoFightTests\CombatScriptParserTests.cs(45,27): warning CS8602: 解引用可能出现空引用。 [E:\games\better-genshin-impact\Test\BetterGenshinImpact.UnitTest\BetterGenshinImpact.UnitTest.csproj]
E:\games\better-genshin-impact\Test\BetterGenshinImpact.UnitTest\GameTaskTests\AutoFightTests\CombatScriptParserTests.cs(46,29): warning CS8602: 解引用可能出现空引用。 [E:\games\better-genshin-impact\Test\BetterGenshinImpact.UnitTest\BetterGenshinImpact.UnitTest.csproj]
E:\games\better-genshin-impact\Test\BetterGenshinImpact.UnitTest\GameTaskTests\AutoFightTests\CombatScriptParserTests.cs(60,25): warning CS8602: 解引用可能出现空引用。 [E:\games\better-genshin-impact\Test\BetterGenshinImpact.UnitTest\BetterGenshinImpact.UnitTest.csproj]
E:\games\better-genshin-impact\Test\BetterGenshinImpact.UnitTest\GameTaskTests\AutoFightTests\CombatScriptParserTests.cs(61,27): warning CS8602: 解引用可能出现空引用。 [E:\games\better-genshin-impact\Test\BetterGenshinImpact.UnitTest\BetterGenshinImpact.UnitTest.csproj]
E:\games\better-genshin-impact\Test\BetterGenshinImpact.UnitTest\GameTaskTests\AutoFightTests\CombatScriptParserTests.cs(62,29): warning CS8602: 解引用可能出现空引用。 [E:\games\better-genshin-impact\Test\BetterGenshinImpact.UnitTest\BetterGenshinImpact.UnitTest.csproj]
E:\games\better-genshin-impact\Test\BetterGenshinImpact.UnitTest\GameTaskTests\AutoDomainTests\ResinStatusTests.cs(32,118): warning xUnit1026: Theory method 'RecogniseFromRegion_ResinStatusShouldBeRight' on test class 'ResinStatusTests' does not use parameter 'fragileResinCount'. Use the parameter, or remove the parameter and associated data. (https://xunit.net/xunit.analyzers/rules/xUnit1026) [E:\games\better-genshin-impact\Test\BetterGenshinImpact.UnitTest\BetterGenshinImpact.UnitTest.csproj]
E:\games\better-genshin-impact\Test\BetterGenshinImpact.UnitTest\GameTaskTests\AutoDomainTests\ResinStatusTests.cs(32,166): warning xUnit1026: Theory method 'RecogniseFromRegion_ResinStatusShouldBeRight' on test class 'ResinStatusTests' does not use parameter 'transientResinCount'. Use the parameter, or remove the parameter and associated data. (https://xunit.net/xunit.analyzers/rules/xUnit1026) [E:\games\better-genshin-impact\Test\BetterGenshinImpact.UnitTest\BetterGenshinImpact.UnitTest.csproj]
CSC : warning CS9057: 分析器程序集“C:\Users\godsh\.nuget\packages\wpf-ui.violeta\4.3.0.3\analyzers\dotnet\cs\Wpf.Ui.DependencyPropertyGenerator.dll”引用了编译器的版本“4.14.0.0”，该版本高于当前正在运行的版本“4.13.0.0”。 [E:\games\better-genshin-impact\Test\BetterGenshinImpact.Test\BetterGenshinImpact.Test.csproj]
E:\games\better-genshin-impact\Test\BetterGenshinImpact.Test\Simple\AllMap\BigMapMatchTest.cs(24,31): warning CS0612: “FeatureMatcher”已过时 [E:\games\better-genshin-impact\Test\BetterGenshinImpact.Test\BetterGenshinImpact.Test.csproj]
E:\games\better-genshin-impact\Test\BetterGenshinImpact.Test\Simple\AllMap\LargeSIFTExtractor.cs(58,9): warning CS0612: “FeatureMatcher”已过时 [E:\games\better-genshin-impact\Test\BetterGenshinImpact.Test\BetterGenshinImpact.Test.csproj]
E:\games\better-genshin-impact\Test\BetterGenshinImpact.Test\Simple\AllMap\EntireMapTest.cs(20,31): warning CS0612: “FeatureMatcher”已过时 [E:\games\better-genshin-impact\Test\BetterGenshinImpact.Test\BetterGenshinImpact.Test.csproj]
E:\games\better-genshin-impact\Test\BetterGenshinImpact.Test\Simple\AllMap\EntireMapTest.cs(56,34): warning CS0612: “FeatureMatcher”已过时 [E:\games\better-genshin-impact\Test\BetterGenshinImpact.Test\BetterGenshinImpact.Test.csproj]
E:\games\better-genshin-impact\Test\BetterGenshinImpact.Test\Simple\AllMap\EntireMapTest.cs(62,9): warning CS0612: “FeatureMatcher”已过时 [E:\games\better-genshin-impact\Test\BetterGenshinImpact.Test\BetterGenshinImpact.Test.csproj]
E:\games\better-genshin-impact\Test\BetterGenshinImpact.Test\Simple\AllMap\MapTeleportPointDraw.cs(28,21): warning CS0612: “TeyvatMapCoordinate”已过时 [E:\games\better-genshin-impact\Test\BetterGenshinImpact.Test\BetterGenshinImpact.Test.csproj]
E:\games\better-genshin-impact\Test\BetterGenshinImpact.Test\Simple\AllMap\FeatureTransfer.cs(47,27): warning CS8604: “void FeatureTransfer.SaveKeyPointArray(KeyPoint[] kpArray)”中的形参“kpArray”可能传入 null 引用实参。 [E:\games\better-genshin-impact\Test\BetterGenshinImpact.Test\BetterGenshinImpact.Test.csproj]
E:\games\better-genshin-impact\Test\BetterGenshinImpact.Test\Simple\AllMap\FeatureTransfer.cs(49,21): warning CS8604: “void FeatureTransfer.SaveDescMat(Mat descMat)”中的形参“descMat”可能传入 null 引用实参。 [E:\games\better-genshin-impact\Test\BetterGenshinImpact.Test\BetterGenshinImpact.Test.csproj]
E:\games\better-genshin-impact\Test\BetterGenshinImpact.Test\Simple\AllMap\MatchTemplateTest.cs(112,26): warning CS0168: 声明了变量“ex”，但从未使用过 [E:\games\better-genshin-impact\Test\BetterGenshinImpact.Test\BetterGenshinImpact.Test.csproj]
E:\games\better-genshin-impact\Test\BetterGenshinImpact.Test\Simple\AllMap\KeyPointMatchTest.cs(269,22): warning CS8600: 将 null 文本或可能的 null 值转换为不可为 null 类型。 [E:\games\better-genshin-impact\Test\BetterGenshinImpact.Test\BetterGenshinImpact.Test.csproj]
E:\games\better-genshin-impact\Test\BetterGenshinImpact.Test\Simple\AllMap\KeyPointMatchTest.cs(270,16): warning CS8603: 可能返回 null 引用。 [E:\games\better-genshin-impact\Test\BetterGenshinImpact.Test\BetterGenshinImpact.Test.csproj]
E:\games\better-genshin-impact\Test\BetterGenshinImpact.Test\Simple\AllMap\KeyPointMatchTest.cs(301,17): warning CS8625: 无法将 null 字面量转换为非 null 的引用类型。 [E:\games\better-genshin-impact\Test\BetterGenshinImpact.Test\BetterGenshinImpact.Test.csproj]
    39 个警告
    0 个错误

已用时间 00:00:06.32
